[v5-dataset] World Medium seed=21000000 -> ok
[v5-dataset] World Medium seed=21000001 -> ok
[v5-dataset] World Medium seed=21000002 -> ok
[v5-dataset] World Medium seed=21000003 -> ok
[v5-dataset] World Medium seed=21000004 -> ok
[v5-dataset] World Medium seed=21000005 -> ok
[v5-dataset] World Medium seed=21000006 -> ok
[v5-dataset] World Medium seed=21000007 -> ok
{"ran":8,"ok":8,"stats":{"matches":8,"totalRows":2670,"usableLabels":844,"observedRows":892,"counterfactualRows":1778,"badFeatures":0,"featureRows":2670,"land":0,"heldGain":358.28125000000017,"lossRisk":41.194999999999986,"heldGainMean":0.4245038507109007,"lossRiskMean":0.04880924170616112,"outcomes":{"unknown":6,"victory":2},"kinds":{"naval":708,"invest":892,"hold":892,"expand":145,"attack":33}}}
[v5-dataset] Europe Medium seed=21000100 -> ok
[v5-dataset] Europe Medium seed=21000101 -> ok
[v5-dataset] Europe Medium seed=21000102 -> ok
[v5-dataset] Europe Medium seed=21000103 -> ok
[v5-dataset] Europe Medium seed=21000104 -> ok
[v5-dataset] Europe Medium seed=21000105 -> ok
{"ran":6,"ok":6,"stats":{"matches":14,"totalRows":4340,"usableLabels":1443,"observedRows":1527,"counterfactualRows":2813,"badFeatures":0,"featureRows":4340,"land":0,"heldGain":627.7049999999997,"lossRisk":133.40125000000006,"heldGainMean":0.4349999999999998,"lossRiskMean":0.09244715869715874,"outcomes":{"defeat":2,"unknown":10,"victory":2},"kinds":{"naval":1010,"invest":1527,"hold":1527,"expand":233,"attack":43}}}
[v5-dataset] World Hard seed=21000200 -> ok
[v5-dataset] World Hard seed=21000201 -> ok
[v5-dataset] World Hard seed=21000202 -> ok
[v5-dataset] World Hard seed=21000203 -> ok
[v5-dataset] World Hard seed=21000204 -> ok
[v5-dataset] World Hard seed=21000205 -> ok
{"ran":6,"ok":6,"stats":{"matches":20,"totalRows":5701,"usableLabels":1882,"observedRows":2002,"counterfactualRows":3699,"badFeatures":0,"featureRows":5701,"land":0,"heldGain":851.7387499999998,"lossRisk":205.13374999999994,"heldGainMean":0.45257106801275226,"lossRiskMean":0.10899774176408072,"outcomes":{"unknown":13,"defeat":5,"victory":2},"kinds":{"naval":1347,"invest":2002,"hold":2002,"expand":305,"attack":45}}}
[v5-dataset] World Medium seed=21000300 -> ok
[v5-dataset] World Medium seed=21000301 -> ok
[v5-dataset] World Medium seed=21000302 -> ok
[v5-dataset] World Medium seed=21000303 -> ok
[v5-dataset] World Medium seed=21000304 -> ok
[v5-dataset] World Medium seed=21000305 -> ok
{"ran":6,"ok":6,"stats":{"matches":26,"totalRows":7170,"usableLabels":2376,"observedRows":2532,"counterfactualRows":4638,"badFeatures":0,"featureRows":7170,"land":0,"heldGain":1089.4387500000005,"lossRisk":253.0687499999999,"heldGainMean":0.4585179924242426,"lossRiskMean":0.10651041666666664,"outcomes":{"unknown":17,"defeat":7,"victory":2},"kinds":{"naval":1716,"invest":2532,"hold":2532,"expand":339,"attack":51}}}
[v5-dataset] World Medium seed=21000400 -> ok
[v5-dataset] World Medium seed=21000401 -> ok
[v5-dataset] World Medium seed=21000402 -> ok
[v5-dataset] World Medium seed=21000403 -> ok
{"ran":4,"ok":4,"stats":{"matches":30,"totalRows":7779,"usableLabels":2594,"observedRows":2774,"counterfactualRows":5005,"badFeatures":0,"featureRows":7779,"land":0,"heldGain":1208.1225000000009,"lossRisk":324.3300000000001,"heldGainMean":0.4657372783346187,"lossRiskMean":0.12503084040092524,"outcomes":{"unknown":17,"defeat":9,"victory":4},"kinds":{"naval":1824,"invest":2774,"hold":2774,"expand":346,"attack":61}}}
[v5-dataset] World Medium seed=21000500 -> ok
[v5-dataset] World Medium seed=21000501 -> ok
[v5-dataset] World Medium seed=21000502 -> ok
[v5-dataset] World Medium seed=21000503 -> ok
{"ran":4,"ok":4,"stats":{"matches":34,"totalRows":8807,"usableLabels":2950,"observedRows":3154,"counterfactualRows":5653,"badFeatures":0,"featureRows":8807,"land":0,"heldGain":1399.4350000000013,"lossRisk":379.5687500000002,"heldGainMean":0.47438474576271233,"lossRiskMean":0.128667372881356,"outcomes":{"unknown":20,"defeat":10,"victory":4},"kinds":{"naval":2074,"invest":3154,"hold":3154,"expand":353,"attack":72}}}
{"matches":34,"totalRows":8807,"usableLabels":2950,"observedRows":3154,"counterfactualRows":5653,"badFeatures":0,"featureRows":8807,"land":0,"heldGain":1399.4350000000013,"lossRisk":379.5687500000002,"heldGainMean":0.47438474576271233,"lossRiskMean":0.128667372881356,"outcomes":{"unknown":20,"defeat":10,"victory":4},"kinds":{"naval":2074,"invest":3154,"hold":3154,"expand":353,"attack":72}}
